Starting test for askAI...
Error with gemini-2.5-flash: RetryError [AI_RetryError]: Failed after 3 attempts. Last error: You exceeded your current quota, please check your plan and billing details. For more information on this error, head to: https://ai.google.dev/gemini-api/docs/rate-limits. To monitor your current usage, head to: https://ai.dev/rate-limit. 
* Quota exceeded for metric: generativelanguage.googleapis.com/generate_content_free_tier_requests, limit: 20, model: gemini-2.5-flash
Please retry in 49.388967468s.
    at _retryWithExponentialBackoff (/Users/yukie/Desktop/test/buffettscore2/node_modules/ai/src/util/retry-with-exponential-backoff.ts:111:13)
    at process.processTicksAndRejections (node:internal/process/task_queues:103:5)
    at async fn (/Users/yukie/Desktop/test/buffettscore2/node_modules/ai/src/generate-text/generate-text.ts:740:36)
    at async <anonymous> (/Users/yukie/Desktop/test/buffettscore2/node_modules/ai/src/telemetry/record-span.ts:32:24)
    at async generateText (/Users/yukie/Desktop/test/buffettscore2/node_modules/ai/src/generate-text/generate-text.ts:524:12)
    at async askAI (/Users/yukie/Desktop/test/buffettscore2/src/app/discover/actions.tsx:21:31)
    at async test (/Users/yukie/Desktop/test/buffettscore2/scripts/test_askai.ts:16:22) {
  cause: undefined,
  reason: 'maxRetriesExceeded',
  errors: [
    APICallError [AI_APICallError]: You exceeded your current quota, please check your plan and billing details. For more information on this error, head to: https://ai.google.dev/gemini-api/docs/rate-limits. To monitor your current usage, head to: https://ai.dev/rate-limit. 
    * Quota exceeded for metric: generativelanguage.googleapis.com/generate_content_free_tier_requests, limit: 20, model: gemini-2.5-flash
    Please retry in 56.087455395s.
        at <anonymous> (/Users/yukie/Desktop/test/buffettscore2/node_modules/@ai-sdk/provider-utils/src/response-handler.ts:56:16)
        at process.processTicksAndRejections (node:internal/process/task_queues:103:5)
        at async postToApi (/Users/yukie/Desktop/test/buffettscore2/node_modules/@ai-sdk/provider-utils/src/post-to-api.ts:118:28)
        at async GoogleGenerativeAILanguageModel.doGenerate (/Users/yukie/Desktop/test/buffettscore2/node_modules/@ai-sdk/google/src/google-generative-ai-language-model.ts:273:9)
        at async fn (/Users/yukie/Desktop/test/buffettscore2/node_modules/ai/src/generate-text/generate-text.ts:785:34)
        at async <anonymous> (/Users/yukie/Desktop/test/buffettscore2/node_modules/ai/src/telemetry/record-span.ts:32:24)
        at async _retryWithExponentialBackoff (/Users/yukie/Desktop/test/buffettscore2/node_modules/ai/src/util/retry-with-exponential-backoff.ts:96:12)
        at async fn (/Users/yukie/Desktop/test/buffettscore2/node_modules/ai/src/generate-text/generate-text.ts:740:36)
        at async <anonymous> (/Users/yukie/Desktop/test/buffettscore2/node_modules/ai/src/telemetry/record-span.ts:32:24)
        at async generateText (/Users/yukie/Desktop/test/buffettscore2/node_modules/ai/src/generate-text/generate-text.ts:524:12) {
      cause: undefined,
      url: 'https://generativelanguage.googleapis.com/v1beta/models/gemini-2.5-flash:generateContent',
      requestBodyValues: [Object],
      statusCode: 429,
      responseHeaders: [Object],
      responseBody: '{\n' +
        '  "error": {\n' +
        '    "code": 429,\n' +
        '    "message": "You exceeded your current quota, please check your plan and billing details. For more information on this error, head to: https://ai.google.dev/gemini-api/docs/rate-limits. To monitor your current usage, head to: https://ai.dev/rate-limit. \\n* Quota exceeded for metric: generativelanguage.googleapis.com/generate_content_free_tier_requests, limit: 20, model: gemini-2.5-flash\\nPlease retry in 56.087455395s.",\n' +
        '    "status": "RESOURCE_EXHAUSTED",\n' +
        '    "details": [\n' +
        '      {\n' +
        '        "@type": "type.googleapis.com/google.rpc.Help",\n' +
        '        "links": [\n' +
        '          {\n' +
        '            "description": "Learn more about Gemini API quotas",\n' +
        '            "url": "https://ai.google.dev/gemini-api/docs/rate-limits"\n' +
        '          }\n' +
        '        ]\n' +
        '      },\n' +
        '      {\n' +
        '        "@type": "type.googleapis.com/google.rpc.QuotaFailure",\n' +
        '        "violations": [\n' +
        '          {\n' +
        '            "quotaMetric": "generativelanguage.googleapis.com/generate_content_free_tier_requests",\n' +
        '            "quotaId": "GenerateRequestsPerDayPerProjectPerModel-FreeTier",\n' +
        '            "quotaDimensions": {\n' +
        '              "location": "global",\n' +
        '              "model": "gemini-2.5-flash"\n' +
        '            },\n' +
        '            "quotaValue": "20"\n' +
        '          }\n' +
        '        ]\n' +
        '      },\n' +
        '      {\n' +
        '        "@type": "type.googleapis.com/google.rpc.RetryInfo",\n' +
        '        "retryDelay": "56s"\n' +
        '      }\n' +
        '    ]\n' +
        '  }\n' +
        '}\n',
      isRetryable: true,
      data: [Object],
      Symbol(vercel.ai.error): true,
      Symbol(vercel.ai.error.AI_APICallError): true
    },
    APICallError [AI_APICallError]: You exceeded your current quota, please check your plan and billing details. For more information on this error, head to: https://ai.google.dev/gemini-api/docs/rate-limits. To monitor your current usage, head to: https://ai.dev/rate-limit. 
    * Quota exceeded for metric: generativelanguage.googleapis.com/generate_content_free_tier_requests, limit: 20, model: gemini-2.5-flash
    Please retry in 53.736338663s.
        at <anonymous> (/Users/yukie/Desktop/test/buffettscore2/node_modules/@ai-sdk/provider-utils/src/response-handler.ts:56:16)
        at process.processTicksAndRejections (node:internal/process/task_queues:103:5)
        at async postToApi (/Users/yukie/Desktop/test/buffettscore2/node_modules/@ai-sdk/provider-utils/src/post-to-api.ts:118:28)
        at async GoogleGenerativeAILanguageModel.doGenerate (/Users/yukie/Desktop/test/buffettscore2/node_modules/@ai-sdk/google/src/google-generative-ai-language-model.ts:273:9)
        at async fn (/Users/yukie/Desktop/test/buffettscore2/node_modules/ai/src/generate-text/generate-text.ts:785:34)
        at async <anonymous> (/Users/yukie/Desktop/test/buffettscore2/node_modules/ai/src/telemetry/record-span.ts:32:24)
        at async _retryWithExponentialBackoff (/Users/yukie/Desktop/test/buffettscore2/node_modules/ai/src/util/retry-with-exponential-backoff.ts:96:12)
        at async fn (/Users/yukie/Desktop/test/buffettscore2/node_modules/ai/src/generate-text/generate-text.ts:740:36)
        at async <anonymous> (/Users/yukie/Desktop/test/buffettscore2/node_modules/ai/src/telemetry/record-span.ts:32:24)
        at async generateText (/Users/yukie/Desktop/test/buffettscore2/node_modules/ai/src/generate-text/generate-text.ts:524:12) {
      cause: undefined,
      url: 'https://generativelanguage.googleapis.com/v1beta/models/gemini-2.5-flash:generateContent',
      requestBodyValues: [Object],
      statusCode: 429,
      responseHeaders: [Object],
      responseBody: '{\n' +
        '  "error": {\n' +
        '    "code": 429,\n' +
        '    "message": "You exceeded your current quota, please check your plan and billing details. For more information on this error, head to: https://ai.google.dev/gemini-api/docs/rate-limits. To monitor your current usage, head to: https://ai.dev/rate-limit. \\n* Quota exceeded for metric: generativelanguage.googleapis.com/generate_content_free_tier_requests, limit: 20, model: gemini-2.5-flash\\nPlease retry in 53.736338663s.",\n' +
        '    "status": "RESOURCE_EXHAUSTED",\n' +
        '    "details": [\n' +
        '      {\n' +
        '        "@type": "type.googleapis.com/google.rpc.Help",\n' +
        '        "links": [\n' +
        '          {\n' +
        '            "description": "Learn more about Gemini API quotas",\n' +
        '            "url": "https://ai.google.dev/gemini-api/docs/rate-limits"\n' +
        '          }\n' +
        '        ]\n' +
        '      },\n' +
        '      {\n' +
        '        "@type": "type.googleapis.com/google.rpc.QuotaFailure",\n' +
        '        "violations": [\n' +
        '          {\n' +
        '            "quotaMetric": "generativelanguage.googleapis.com/generate_content_free_tier_requests",\n' +
        '            "quotaId": "GenerateRequestsPerDayPerProjectPerModel-FreeTier",\n' +
        '            "quotaDimensions": {\n' +
        '              "model": "gemini-2.5-flash",\n' +
        '              "location": "global"\n' +
        '            },\n' +
        '            "quotaValue": "20"\n' +
        '          }\n' +
        '        ]\n' +
        '      },\n' +
        '      {\n' +
        '        "@type": "type.googleapis.com/google.rpc.RetryInfo",\n' +
        '        "retryDelay": "53s"\n' +
        '      }\n' +
        '    ]\n' +
        '  }\n' +
        '}\n',
      isRetryable: true,
      data: [Object],
      Symbol(vercel.ai.error): true,
      Symbol(vercel.ai.error.AI_APICallError): true
    },
    APICallError [AI_APICallError]: You exceeded your current quota, please check your plan and billing details. For more information on this error, head to: https://ai.google.dev/gemini-api/docs/rate-limits. To monitor your current usage, head to: https://ai.dev/rate-limit. 
    * Quota exceeded for metric: generativelanguage.googleapis.com/generate_content_free_tier_requests, limit: 20, model: gemini-2.5-flash
    Please retry in 49.388967468s.
        at <anonymous> (/Users/yukie/Desktop/test/buffettscore2/node_modules/@ai-sdk/provider-utils/src/response-handler.ts:56:16)
        at process.processTicksAndRejections (node:internal/process/task_queues:103:5)
        at async postToApi (/Users/yukie/Desktop/test/buffettscore2/node_modules/@ai-sdk/provider-utils/src/post-to-api.ts:118:28)
        at async GoogleGenerativeAILanguageModel.doGenerate (/Users/yukie/Desktop/test/buffettscore2/node_modules/@ai-sdk/google/src/google-generative-ai-language-model.ts:273:9)
        at async fn (/Users/yukie/Desktop/test/buffettscore2/node_modules/ai/src/generate-text/generate-text.ts:785:34)
        at async <anonymous> (/Users/yukie/Desktop/test/buffettscore2/node_modules/ai/src/telemetry/record-span.ts:32:24)
        at async _retryWithExponentialBackoff (/Users/yukie/Desktop/test/buffettscore2/node_modules/ai/src/util/retry-with-exponential-backoff.ts:96:12)
        at async fn (/Users/yukie/Desktop/test/buffettscore2/node_modules/ai/src/generate-text/generate-text.ts:740:36)
        at async <anonymous> (/Users/yukie/Desktop/test/buffettscore2/node_modules/ai/src/telemetry/record-span.ts:32:24)
        at async generateText (/Users/yukie/Desktop/test/buffettscore2/node_modules/ai/src/generate-text/generate-text.ts:524:12) {
      cause: undefined,
      url: 'https://generativelanguage.googleapis.com/v1beta/models/gemini-2.5-flash:generateContent',
      requestBodyValues: [Object],
      statusCode: 429,
      responseHeaders: [Object],
      responseBody: '{\n' +
        '  "error": {\n' +
        '    "code": 429,\n' +
        '    "message": "You exceeded your current quota, please check your plan and billing details. For more information on this error, head to: https://ai.google.dev/gemini-api/docs/rate-limits. To monitor your current usage, head to: https://ai.dev/rate-limit. \\n* Quota exceeded for metric: generativelanguage.googleapis.com/generate_content_free_tier_requests, limit: 20, model: gemini-2.5-flash\\nPlease retry in 49.388967468s.",\n' +
        '    "status": "RESOURCE_EXHAUSTED",\n' +
        '    "details": [\n' +
        '      {\n' +
        '        "@type": "type.googleapis.com/google.rpc.Help",\n' +
        '        "links": [\n' +
        '          {\n' +
        '            "description": "Learn more about Gemini API quotas",\n' +
        '            "url": "https://ai.google.dev/gemini-api/docs/rate-limits"\n' +
        '          }\n' +
        '        ]\n' +
        '      },\n' +
        '      {\n' +
        '        "@type": "type.googleapis.com/google.rpc.QuotaFailure",\n' +
        '        "violations": [\n' +
        '          {\n' +
        '            "quotaMetric": "generativelanguage.googleapis.com/generate_content_free_tier_requests",\n' +
        '            "quotaId": "GenerateRequestsPerDayPerProjectPerModel-FreeTier",\n' +
        '            "quotaDimensions": {\n' +
        '              "location": "global",\n' +
        '              "model": "gemini-2.5-flash"\n' +
        '            },\n' +
        '            "quotaValue": "20"\n' +
        '          }\n' +
        '        ]\n' +
        '      },\n' +
        '      {\n' +
        '        "@type": "type.googleapis.com/google.rpc.RetryInfo",\n' +
        '        "retryDelay": "49s"\n' +
        '      }\n' +
        '    ]\n' +
        '  }\n' +
        '}\n',
      isRetryable: true,
      data: [Object],
      Symbol(vercel.ai.error): true,
      Symbol(vercel.ai.error.AI_APICallError): true
    }
  ],
  lastError: APICallError [AI_APICallError]: You exceeded your current quota, please check your plan and billing details. For more information on this error, head to: https://ai.google.dev/gemini-api/docs/rate-limits. To monitor your current usage, head to: https://ai.dev/rate-limit. 
  * Quota exceeded for metric: generativelanguage.googleapis.com/generate_content_free_tier_requests, limit: 20, model: gemini-2.5-flash
  Please retry in 49.388967468s.
      at <anonymous> (/Users/yukie/Desktop/test/buffettscore2/node_modules/@ai-sdk/provider-utils/src/response-handler.ts:56:16)
      at process.processTicksAndRejections (node:internal/process/task_queues:103:5)
      at async postToApi (/Users/yukie/Desktop/test/buffettscore2/node_modules/@ai-sdk/provider-utils/src/post-to-api.ts:118:28)
      at async GoogleGenerativeAILanguageModel.doGenerate (/Users/yukie/Desktop/test/buffettscore2/node_modules/@ai-sdk/google/src/google-generative-ai-language-model.ts:273:9)
      at async fn (/Users/yukie/Desktop/test/buffettscore2/node_modules/ai/src/generate-text/generate-text.ts:785:34)
      at async <anonymous> (/Users/yukie/Desktop/test/buffettscore2/node_modules/ai/src/telemetry/record-span.ts:32:24)
      at async _retryWithExponentialBackoff (/Users/yukie/Desktop/test/buffettscore2/node_modules/ai/src/util/retry-with-exponential-backoff.ts:96:12)
      at async fn (/Users/yukie/Desktop/test/buffettscore2/node_modules/ai/src/generate-text/generate-text.ts:740:36)
      at async <anonymous> (/Users/yukie/Desktop/test/buffettscore2/node_modules/ai/src/telemetry/record-span.ts:32:24)
      at async generateText (/Users/yukie/Desktop/test/buffettscore2/node_modules/ai/src/generate-text/generate-text.ts:524:12) {
    cause: undefined,
    url: 'https://generativelanguage.googleapis.com/v1beta/models/gemini-2.5-flash:generateContent',
    requestBodyValues: {
      generationConfig: [Object],
      contents: [Array],
      systemInstruction: [Object],
      safetySettings: undefined,
      tools: [Array],
      toolConfig: [Object],
      cachedContent: undefined,
      labels: undefined,
      serviceTier: undefined
    },
    statusCode: 429,
    responseHeaders: {
      'alt-svc': 'h3=":443"; ma=2592000,h3-29=":443"; ma=2592000',
      'content-encoding': 'gzip',
      'content-type': 'application/json; charset=UTF-8',
      date: 'Fri, 01 May 2026 14:21:10 GMT',
      server: 'scaffolding on HTTPServer2',
      'server-timing': 'gfet4t7; dur=290',
      'transfer-encoding': 'chunked',
      vary: 'Origin, X-Origin, Referer',
      'x-content-type-options': 'nosniff',
      'x-frame-options': 'SAMEORIGIN',
      'x-gemini-service-tier': 'standard',
      'x-xss-protection': '0'
    },
    responseBody: '{\n' +
      '  "error": {\n' +
      '    "code": 429,\n' +
      '    "message": "You exceeded your current quota, please check your plan and billing details. For more information on this error, head to: https://ai.google.dev/gemini-api/docs/rate-limits. To monitor your current usage, head to: https://ai.dev/rate-limit. \\n* Quota exceeded for metric: generativelanguage.googleapis.com/generate_content_free_tier_requests, limit: 20, model: gemini-2.5-flash\\nPlease retry in 49.388967468s.",\n' +
      '    "status": "RESOURCE_EXHAUSTED",\n' +
      '    "details": [\n' +
      '      {\n' +
      '        "@type": "type.googleapis.com/google.rpc.Help",\n' +
      '        "links": [\n' +
      '          {\n' +
      '            "description": "Learn more about Gemini API quotas",\n' +
      '            "url": "https://ai.google.dev/gemini-api/docs/rate-limits"\n' +
      '          }\n' +
      '        ]\n' +
      '      },\n' +
      '      {\n' +
      '        "@type": "type.googleapis.com/google.rpc.QuotaFailure",\n' +
      '        "violations": [\n' +
      '          {\n' +
      '            "quotaMetric": "generativelanguage.googleapis.com/generate_content_free_tier_requests",\n' +
      '            "quotaId": "GenerateRequestsPerDayPerProjectPerModel-FreeTier",\n' +
      '            "quotaDimensions": {\n' +
      '              "location": "global",\n' +
      '              "model": "gemini-2.5-flash"\n' +
      '            },\n' +
      '            "quotaValue": "20"\n' +
      '          }\n' +
      '        ]\n' +
      '      },\n' +
      '      {\n' +
      '        "@type": "type.googleapis.com/google.rpc.RetryInfo",\n' +
      '        "retryDelay": "49s"\n' +
      '      }\n' +
      '    ]\n' +
      '  }\n' +
      '}\n',
    isRetryable: true,
    data: { error: [Object] },
    Symbol(vercel.ai.error): true,
    Symbol(vercel.ai.error.AI_APICallError): true
  },
  Symbol(vercel.ai.error): true,
  Symbol(vercel.ai.error.AI_RetryError): true
}
Hybrid Search Tool Error: Error: text may not be null or undefined
    at closure._call (/Users/yukie/Desktop/test/buffettscore2/node_modules/@xenova/transformers/src/tokenizers.js:2719:23)
    at closure.closure (/Users/yukie/Desktop/test/buffettscore2/node_modules/@xenova/transformers/src/utils/core.js:62:28)
    at closure._call (/Users/yukie/Desktop/test/buffettscore2/node_modules/@xenova/transformers/src/pipelines.js:1244:35)
    at closure (/Users/yukie/Desktop/test/buffettscore2/node_modules/@xenova/transformers/src/utils/core.js:62:28)
    at Object.execute (/Users/yukie/Desktop/test/buffettscore2/src/tools/searchStocksTool.ts:66:28)
    at process.processTicksAndRejections (node:internal/process/task_queues:103:5)
    at async executeTool (/Users/yukie/Desktop/test/buffettscore2/node_modules/@ai-sdk/provider-utils/src/types/execute-tool.ts:25:36)
    at async fn (/Users/yukie/Desktop/test/buffettscore2/node_modules/ai/src/generate-text/execute-tool-call.ts:115:26)
    at async <anonymous> (/Users/yukie/Desktop/test/buffettscore2/node_modules/ai/src/telemetry/record-span.ts:32:24)
    at async Promise.all (index 0)
Success with: gemini-2.5-flash-lite
askAI Response: {
  "output": "回答を生成できませんでした。",
  "toolStocks": null
}
